// Jest Snapshot v1, https://goo.gl/fbAQLP

exports[`NotFound page snapshots should match latest render snapshot 1`] = `
<div>
  Страница не найдена
</div>
`;
